// Jest Snapshot v1, https://goo.gl/fbAQLP

exports[`HorizontalBarChart main snapshot 1`] = `
<DocumentFragment>
  <div
    class="StyledGrommet-sc-19lkkz7-0 bFLhoX"
  >
    <canvas
      class="chartjs-render-monitor"
      height="0"
      style="display: block;"
      width="0"
    />
  </div>
</DocumentFragment>
`;

exports[`HorizontalBarChart title snapshot 1`] = `
<DocumentFragment>
  <div
    class="StyledGrommet-sc-19lkkz7-0 bFLhoX"
  >
    <canvas
      class="chartjs-render-monitor"
      height="0"
      style="display: block;"
      width="0"
    />
  </div>
</DocumentFragment>
`;
