// Jest Snapshot v1, https://goo.gl/fbAQLP

exports[`ScatterChart  1`] = `
<DocumentFragment>
  <div
    class="StyledGrommet-sc-19lkkz7-0 djOnwZ"
  >
    <canvas
      class="chartjs-render-monitor"
      height="0"
      style="display: block;"
      width="0"
    />
  </div>
</DocumentFragment>
`;

exports[`ScatterChart  2`] = `
<DocumentFragment>
  <div
    class="StyledGrommet-sc-19lkkz7-0 djOnwZ"
  >
    <canvas
      class="chartjs-render-monitor"
      height="0"
      style="display: block;"
      width="0"
    />
  </div>
</DocumentFragment>
`;

exports[`ScatterChart  3`] = `
<DocumentFragment>
  <div
    class="StyledGrommet-sc-19lkkz7-0 djOnwZ"
  >
    <canvas
      class="chartjs-render-monitor"
      height="0"
      style="display: block;"
      width="0"
    />
  </div>
</DocumentFragment>
`;

exports[`ScatterChart  4`] = `
<DocumentFragment>
  <div
    class="StyledGrommet-sc-19lkkz7-0 djOnwZ"
  >
    <canvas
      class="chartjs-render-monitor"
      height="0"
      style="display: block;"
      width="0"
    />
  </div>
</DocumentFragment>
`;
